2026-08-07 22:30:41,437 | INFO | Analytic precheck written: D:\Puxiaoyu\COMSOL\COMSOL63\Codex_BiOX\comsol_run\BiOX_analytic_precheck.csv
2026-08-07 22:30:41,437 | INFO | Analytic order: BiOBr > BiOI > BiOCl; PFM order: BiOI > BiOBr > BiOCl
2026-08-07 22:30:41,437 | WARNING | Input-derived trend differs from PFM; constants will not be tuned.
2026-08-07 22:30:41,729 | INFO | Starting COMSOL 6.3 with 4 cores
2026-08-07 22:30:53,367 | INFO | Loading template for BiOCl: D:\Puxiaoyu\COMSOL\COMSOL63\Codex_BiOX\BiOCl_piezo.mph
2026-08-07 22:31:09,796 | INFO | BiOCl selections: {'biox_top': [4], 'biox_bottom': [3]}; removed potentials: ['pot1']
2026-08-07 22:31:09,797 | INFO | Regenerating COMSOL automatic solver sequences
2026-08-07 22:31:12,887 | INFO | Stationary solve attempt 1/2
2026-08-07 22:31:19,891 | INFO | BiOCl complete: delta V = 5.35652e-05 V; saved D:\Puxiaoyu\COMSOL\COMSOL63\Codex_BiOX\comsol_run\BiOCl_piezo_final.mph
2026-08-07 22:31:20,108 | INFO | Loading template for BiOBr: D:\Puxiaoyu\COMSOL\COMSOL63\Codex_BiOX\BiOCl_piezo.mph
2026-08-07 22:31:22,672 | INFO | BiOBr selections: {'biox_top': [4], 'biox_bottom': [3]}; removed potentials: ['pot1']
2026-08-07 22:31:22,673 | INFO | Regenerating COMSOL automatic solver sequences
2026-08-07 22:31:23,607 | INFO | Stationary solve attempt 1/2
2026-08-07 22:31:27,471 | INFO | BiOBr complete: delta V = 0.00035359 V; saved D:\Puxiaoyu\COMSOL\COMSOL63\Codex_BiOX\comsol_run\BiOBr_piezo_final.mph
2026-08-07 22:31:27,491 | INFO | Loading template for BiOI: D:\Puxiaoyu\COMSOL\COMSOL63\Codex_BiOX\BiOCl_piezo.mph
2026-08-07 22:31:29,152 | INFO | BiOI selections: {'biox_top': [4], 'biox_bottom': [3]}; removed potentials: ['pot1']
2026-08-07 22:31:29,152 | INFO | Regenerating COMSOL automatic solver sequences
2026-08-07 22:31:29,935 | INFO | Stationary solve attempt 1/2
2026-08-07 22:31:33,359 | INFO | BiOI complete: delta V = 0.000246905 V; saved D:\Puxiaoyu\COMSOL\COMSOL63\Codex_BiOX\comsol_run\BiOI_piezo_final.mph
2026-08-07 22:31:33,391 | INFO | All requested materials completed: D:\Puxiaoyu\COMSOL\COMSOL63\Codex_BiOX\comsol_run\BiOX_COMSOL_results.json, D:\Puxiaoyu\COMSOL\COMSOL63\Codex_BiOX\comsol_run\BiOX_COMSOL_results.csv
